[   53322ms] [WARNING] The next HMR update will cause the page to reload @ http://localhost:5173/node_modules/@sveltejs/kit/src/runtime/client/client.js?v=b66aa2f2:3208
[   53323ms] [ERROR] SvelteKitError: Not found: /agent-studio/personas
    at navigate (http://localhost:5173/node_modules/@sveltejs/kit/src/runtime/client/client.js?v=b66aa2f2:1600:24)
    at async HTMLHtmlElement.<anonymous> (http://localhost:5173/node_modules/@sveltejs/kit/src/runtime/client/client.js?v=b66aa2f2:2572:3) @ http://localhost:5173/@fs/C:/Users/luoyu/Downloads/Aone/aone-toolkit/.svelte-kit/generated/client/app.js:66
[   53480ms] [ERROR] Failed to load resource: the server responded with a status of 404 (Not Found) @ http://localhost:5173/agent-studio/personas:0
[  188321ms] [WARNING] Failed to hydrate:  HierarchyRequestError: Failed to execute 'appendChild' on 'Node': This node type does not support this method.

	in <unknown>
	in +layout.svelte
	in +layout.svelte
	in root.svelte

    at Module.child (http://localhost:5173/node_modules/.vite/deps/chunk-UEIJHYJF.js?v=b66aa2f2:4120:27)
    at _page (http://localhost:5173/src/routes/agent-studio/personas/+page.svelte:209:16)
    at http://localhost:5173/node_modules/.vite/deps/chunk-U73JESBE.js?v=b66aa2f2:308:58
    at update_reaction (http://localhost:5173/node_modules/.vite/deps/chunk-UEIJHYJF.js?v=b66aa2f2:3364:18)
    at update_effect (http://localhost:5173/node_modules/.vite/deps/chunk-UEIJHYJF.js?v=b66aa2f2:3499:21)
    at create_effect (http://localhost:5173/node_modules/.vite/deps/chunk-UEIJHYJF.js?v=b66aa2f2:2854:7)
    at branch (http://localhost:5173/node_modules/.vite/deps/chunk-UEIJHYJF.js?v=b66aa2f2:3030:10)
    at http://localhost:5173/node_modules/.vite/deps/chunk-U73JESBE.js?v=b66aa2f2:302:17
    at update_reaction (http://localhost:5173/node_modules/.vite/deps/chunk-UEIJHYJF.js?v=b66aa2f2:3364:18)
    at update_effect (http://localhost:5173/node_modules/.vite/deps/chunk-UEIJHYJF.js?v=b66aa2f2:3499:21) @ http://localhost:5173/node_modules/@sveltejs/kit/src/runtime/client/client.js?v=b66aa2f2:3208
